[www.vlu.edu.vn/life-at-vlu/center/trung-tam-ho-tro-sinh-vien.html]
[backblue.gif]
[fade.gif]
[index.html]
[www.vlu.edu.vn/icons/favicon_logo.png]
[www.vlu.edu.vn/_next/static/css/0def24e653ad0efe.css]
[www.vlu.edu.vn/_next/static/css/5e80c32744fdb59b.css]
[www.vlu.edu.vn/_next/static/chunks/polyfills-5cd94c89d3acac5f.js]
[www.vlu.edu.vn/_next/static/chunks/webpack-1a951c348ccb2953.js]
[www.vlu.edu.vn/_next/static/chunks/framework-9cf46cf0fe8d1146.js]
[www.vlu.edu.vn/_next/static/chunks/main-f04ff3362ae607bc.js]
[www.vlu.edu.vn/_next/static/chunks/pages/_app-5f8f9f307588ce98.js]
[www.vlu.edu.vn/_next/static/chunks/2298-9ecbc9c52ec42977.js]
[www.vlu.edu.vn/_next/static/chunks/7361-df571cffbc640280.js]
[www.vlu.edu.vn/_next/static/chunks/5152-eb6db33920c45ec1.js]
[www.vlu.edu.vn/_next/static/chunks/4811-34eba5318312a81a.js]
[www.vlu.edu.vn/_next/static/chunks/pages/life-at-vlu/center/[slug]-dacee8628585f20c.js]
[www.vlu.edu.vn/_next/static/sRb3ldQ3sEndJ9dwT6biO/_buildManifest.js]
[www.vlu.edu.vn/_next/static/sRb3ldQ3sEndJ9dwT6biO/_ssgManifest.js]
[www.vlu.edu.vn/_next/static/sRb3ldQ3sEndJ9dwT6biO/_middlewareManifest.js]
[www.vlu.edu.vn/life-at-vlu/center/trung-tam-ho-tro-sinh-vien.html]
[vluwebmedia.s3.ap-southeast-1.amazonaws.com/VLU_View010000_Post_moi_2022_077ecc58a4.jpg]
[www.vlu.edu.vn/_next/static/media/ajax-loader.0b80f665.gif]
[www.vlu.edu.vn/_next/static/media/information_form_avatar.fbb49665.png]
[www.vlu.edu.vn/_next/static/media/information_form_bg_mobile.37f1ea3b.png]
[www.vlu.edu.vn/_next/static/css/0def24e653ad0efe.css]
[www.vlu.edu.vn/images/section-27_background-pattern-3.png]
[www.vlu.edu.vn/_next/static/css/5e80c32744fdb59b.css]
